{"__type":"$$EventMessage","id":"a42f6bb7-1e00-4201-a4f6-05ee609632db","ts":"2026-06-08T04:09:34.093+00:00","eventName":"n8n.worker.started","message":"n8n.worker.started","payload":{"workerId":"worker-58f50c4d16b3"}}
{"__type":"$$EventMessageConfirm","confirm":"a42f6bb7-1e00-4201-a4f6-05ee609632db","ts":"2026-06-08T04:09:34.093+00:00","source":{"id":"0","name":"eventBus"}}
{"__type":"$$EventMessage","id":"874ce998-9057-4525-8e4a-d8ee5dfce044","ts":"2026-06-08T04:09:34.093+00:00","eventName":"n8n.worker.started","message":"n8n.worker.started","payload":{"workerId":"worker-37d26d095030"}}
{"__type":"$$EventMessageConfirm","confirm":"874ce998-9057-4525-8e4a-d8ee5dfce044","ts":"2026-06-08T04:09:34.093+00:00","source":{"id":"0","name":"eventBus"}}
{"__type":"$$EventMessage","id":"5c5a8aa7-0ad6-4e59-a2f3-243db323bb6d","ts":"2026-06-08T04:09:34.093+00:00","eventName":"n8n.worker.started","message":"n8n.worker.started","payload":{"workerId":"worker-d7fc1582f877"}}
{"__type":"$$EventMessageConfirm","confirm":"5c5a8aa7-0ad6-4e59-a2f3-243db323bb6d","ts":"2026-06-08T04:09:34.094+00:00","source":{"id":"0","name":"eventBus"}}
{"__type":"$$EventMessageRunner","id":"15f45dff-cd20-4675-92b9-456f06c16de3","ts":"2026-06-08T10:15:31.798+00:00","eventName":"n8n.queue.job.dequeued","message":"n8n.queue.job.dequeued","payload":{"executionId":"1","workflowId":"FgOd6RMKP9y4IS6Z","hostId":"worker-d7fc1582f877","jobId":"1"}}
{"__type":"$$EventMessageConfirm","confirm":"15f45dff-cd20-4675-92b9-456f06c16de3","ts":"2026-06-08T10:15:31.799+00:00","source":{"id":"0","name":"eventBus"}}
{"__type":"$$EventMessageNode","id":"dd58208f-6229-4f9a-a701-8d16741b8862","ts":"2026-06-08T10:15:31.909+00:00","eventName":"n8n.node.started","message":"n8n.node.started","payload":{"workflowId":"FgOd6RMKP9y4IS6Z","workflowName":"PPTX-Slides: Master Pipeline","executionId":"1","nodeType":"n8n-nodes-base.webhook","nodeName":"Webhook Trigger","nodeId":"webhook-trigger"}}
{"__type":"$$EventMessageConfirm","confirm":"dd58208f-6229-4f9a-a701-8d16741b8862","ts":"2026-06-08T10:15:31.909+00:00","source":{"id":"0","name":"eventBus"}}
{"__type":"$$EventMessageNode","id":"329b8678-5609-4d84-8f54-ce64d3ad1150","ts":"2026-06-08T10:15:31.910+00:00","eventName":"n8n.node.finished","message":"n8n.node.finished","payload":{"workflowId":"FgOd6RMKP9y4IS6Z","workflowName":"PPTX-Slides: Master Pipeline","executionId":"1","nodeType":"n8n-nodes-base.webhook","nodeName":"Webhook Trigger","nodeId":"webhook-trigger"}}
{"__type":"$$EventMessageConfirm","confirm":"329b8678-5609-4d84-8f54-ce64d3ad1150","ts":"2026-06-08T10:15:31.910+00:00","source":{"id":"0","name":"eventBus"}}
{"__type":"$$EventMessageNode","id":"9b29368b-74b8-436f-8782-5830b6317b2b","ts":"2026-06-08T10:15:31.910+00:00","eventName":"n8n.node.started","message":"n8n.node.started","payload":{"workflowId":"FgOd6RMKP9y4IS6Z","workflowName":"PPTX-Slides: Master Pipeline","executionId":"1","nodeType":"n8n-nodes-base.code","nodeName":"Validate Input","nodeId":"validate-input"}}
{"__type":"$$EventMessageConfirm","confirm":"9b29368b-74b8-436f-8782-5830b6317b2b","ts":"2026-06-08T10:15:31.910+00:00","source":{"id":"0","name":"eventBus"}}
{"__type":"$$EventMessageNode","id":"43179bcc-291c-457b-8d67-4c0f2ac9bcd8","ts":"2026-06-08T06:15:31.929-04:00","eventName":"n8n.node.finished","message":"n8n.node.finished","payload":{"workflowId":"FgOd6RMKP9y4IS6Z","workflowName":"PPTX-Slides: Master Pipeline","executionId":"1","nodeType":"n8n-nodes-base.code","nodeName":"Validate Input","nodeId":"validate-input"}}
{"__type":"$$EventMessageConfirm","confirm":"43179bcc-291c-457b-8d67-4c0f2ac9bcd8","ts":"2026-06-08T06:15:31.930-04:00","source":{"id":"0","name":"eventBus"}}
{"__type":"$$EventMessageNode","id":"da6ac4a0-f919-45bc-ab60-4d415f7455d0","ts":"2026-06-08T06:15:31.930-04:00","eventName":"n8n.node.started","message":"n8n.node.started","payload":{"workflowId":"FgOd6RMKP9y4IS6Z","workflowName":"PPTX-Slides: Master Pipeline","executionId":"1","nodeType":"n8n-nodes-base.postgres","nodeName":"DB: Create Job","nodeId":"db-create-job"}}
{"__type":"$$EventMessageConfirm","confirm":"da6ac4a0-f919-45bc-ab60-4d415f7455d0","ts":"2026-06-08T06:15:31.930-04:00","source":{"id":"0","name":"eventBus"}}
{"__type":"$$EventMessageNode","id":"df272738-78f3-49bf-8531-e72b69b3a7ae","ts":"2026-06-08T06:15:31.962-04:00","eventName":"n8n.node.finished","message":"n8n.node.finished","payload":{"workflowId":"FgOd6RMKP9y4IS6Z","workflowName":"PPTX-Slides: Master Pipeline","executionId":"1","nodeType":"n8n-nodes-base.postgres","nodeName":"DB: Create Job","nodeId":"db-create-job"}}
{"__type":"$$EventMessageConfirm","confirm":"df272738-78f3-49bf-8531-e72b69b3a7ae","ts":"2026-06-08T06:15:31.962-04:00","source":{"id":"0","name":"eventBus"}}
